QuestaSim-64 vlog 10.6b Compiler 2017.05 May 25 2017
Start time: 08:59:31 on Jul 21,2026
vlog -sv -work work -timescale 1ns/1ps "+incdir+../src" -l ./report/logs/compile.log -cover sbcet ../src/ahb_if.sv ../src/ahb_pkg.sv ../src/ahb_seq_pkg.sv ../src/ahb_test_pkg.sv ../src/sva/ahb_sva.sv ../src/tb_top.sv 
-- Compiling interface ahb_if
-- Compiling package ahb_pkg
** Note: (vlog-2286) ../src/ahb_pkg.sv(19): Using implicit +incdir+/cadtools/mentor/Questa_10.6b/questasim/uvm-1.1d/../verilog_src/uvm-1.1d/src from import uvm_pkg
-- Importing package mtiUvm.uvm_pkg (uvm-1.1d Built-in)
** Error (suppressible): (vlog-13215) ../src/cfg/ahb_transaction.sv(63): Arg. 'lhs' of 'compare_field':  Cannot assign an unpacked type 'bit[31:0] $[]' to a packed type 'reg signed[4095:0]'.
** Error (suppressible): (vlog-13215) ../src/cfg/ahb_transaction.sv(63): Arg. 'rhs' of 'compare_field':  Cannot assign an unpacked type 'bit[31:0] $[]' to a packed type 'reg signed[4095:0]'.
** Error (suppressible): (vlog-13215) ../src/cfg/ahb_transaction.sv(63): Arg. 'value' of 'pack_field_int':  Cannot assign an unpacked type 'bit[31:0] $[]' to a packed type 'reg[63:0]'.
** Error (suppressible): (vlog-13215) ../src/cfg/ahb_transaction.sv(63): Arg. 'value' of 'pack_field':  Cannot assign an unpacked type 'bit[31:0] $[]' to a packed type 'reg signed[4095:0]'.
** Error (suppressible): (vlog-2997) ../src/cfg/ahb_transaction.sv(63): Case item comparison:  Cannot assign a packed type 'reg[63:0]' to an unpacked type 'bit[31:0] $[]'.
** Error (suppressible): (vlog-2997) ../src/cfg/ahb_transaction.sv(63): Case item comparison:  Cannot assign a packed type 'reg signed[4095:0]' to an unpacked type 'bit[31:0] $[]'.
** Error (suppressible): (vlog-13215) ../src/cfg/ahb_transaction.sv(63): Arg. 'value' of 'record_field':  Cannot assign an unpacked type 'bit[31:0] $[]' to a packed type 'reg signed[4095:0]'.
** Error (suppressible): (vlog-13215) ../src/cfg/ahb_transaction.sv(63): Arg. 'value' of 'print_int':  Cannot assign an unpacked type 'bit[31:0] $[]' to a packed type 'reg signed[4095:0]'.
** Error (suppressible): (vlog-2997) ../src/cfg/ahb_transaction.sv(63): Case item comparison:  Cannot assign a packed type 'reg signed[4095:0]' to an unpacked type 'bit[31:0] $[]'.
** Error (suppressible): (vlog-13215) ../src/cfg/ahb_transaction.sv(64): Arg. 'lhs' of 'compare_field':  Cannot assign an unpacked type 'bit[31:0] $[]' to a packed type 'reg signed[4095:0]'.
** Error (suppressible): (vlog-13215) ../src/cfg/ahb_transaction.sv(64): Arg. 'rhs' of 'compare_field':  Cannot assign an unpacked type 'bit[31:0] $[]' to a packed type 'reg signed[4095:0]'.
** Error (suppressible): (vlog-13215) ../src/cfg/ahb_transaction.sv(64): Arg. 'value' of 'pack_field_int':  Cannot assign an unpacked type 'bit[31:0] $[]' to a packed type 'reg[63:0]'.
** Error (suppressible): (vlog-13215) ../src/cfg/ahb_transaction.sv(64): Arg. 'value' of 'pack_field':  Cannot assign an unpacked type 'bit[31:0] $[]' to a packed type 'reg signed[4095:0]'.
** Error (suppressible): (vlog-2997) ../src/cfg/ahb_transaction.sv(64): Case item comparison:  Cannot assign a packed type 'reg[63:0]' to an unpacked type 'bit[31:0] $[]'.
** Error (suppressible): (vlog-2997) ../src/cfg/ahb_transaction.sv(64): Case item comparison:  Cannot assign a packed type 'reg signed[4095:0]' to an unpacked type 'bit[31:0] $[]'.
** Error (suppressible): (vlog-13215) ../src/cfg/ahb_transaction.sv(64): Arg. 'value' of 'record_field':  Cannot assign an unpacked type 'bit[31:0] $[]' to a packed type 'reg signed[4095:0]'.
** Error (suppressible): (vlog-13215) ../src/cfg/ahb_transaction.sv(64): Arg. 'value' of 'print_int':  Cannot assign an unpacked type 'bit[31:0] $[]' to a packed type 'reg signed[4095:0]'.
** Error (suppressible): (vlog-2997) ../src/cfg/ahb_transaction.sv(64): Case item comparison:  Cannot assign a packed type 'reg signed[4095:0]' to an unpacked type 'bit[31:0] $[]'.
** Error (suppressible): (vlog-13215) ../src/cfg/ahb_transaction.sv(65): Arg. 'lhs' of 'compare_field':  Cannot assign an unpacked type 'bit $[]' to a packed type 'reg signed[4095:0]'.
** Error (suppressible): (vlog-13215) ../src/cfg/ahb_transaction.sv(65): Arg. 'rhs' of 'compare_field':  Cannot assign an unpacked type 'bit $[]' to a packed type 'reg signed[4095:0]'.
** Error (suppressible): (vlog-13215) ../src/cfg/ahb_transaction.sv(65): Arg. 'value' of 'pack_field_int':  Cannot assign an unpacked type 'bit $[]' to a packed type 'reg[63:0]'.
** Error (suppressible): (vlog-13215) ../src/cfg/ahb_transaction.sv(65): Arg. 'value' of 'pack_field':  Cannot assign an unpacked type 'bit $[]' to a packed type 'reg signed[4095:0]'.
** Error (suppressible): (vlog-2997) ../src/cfg/ahb_transaction.sv(65): Case item comparison:  Cannot assign a packed type 'reg[63:0]' to an unpacked type 'bit $[]'.
** Error (suppressible): (vlog-2997) ../src/cfg/ahb_transaction.sv(65): Case item comparison:  Cannot assign a packed type 'reg signed[4095:0]' to an unpacked type 'bit $[]'.
** Error (suppressible): (vlog-13215) ../src/cfg/ahb_transaction.sv(65): Arg. 'value' of 'record_field':  Cannot assign an unpacked type 'bit $[]' to a packed type 'reg signed[4095:0]'.
** Error (suppressible): (vlog-13215) ../src/cfg/ahb_transaction.sv(65): Arg. 'value' of 'print_int':  Cannot assign an unpacked type 'bit $[]' to a packed type 'reg signed[4095:0]'.
** Error (suppressible): (vlog-2997) ../src/cfg/ahb_transaction.sv(65): Case item comparison:  Cannot assign a packed type 'reg signed[4095:0]' to an unpacked type 'bit $[]'.
** Error: ../src/mst/ahb_master_agent.sv(47): (vlog-2730) Undefined variable: 'vif'.
-- Compiling package ahb_seq_pkg
** Error: ../src/ahb_seq_pkg.sv(20): (vlog-13006) Could not find the package (ahb_pkg).  Design read will continue, but expect a cascade of errors after this failure.  Furthermore if you experience a vopt-7 error immediately before this error then please check the package names or the library search paths on the command line.
** Error: ** while parsing file included at ../src/ahb_seq_pkg.sv(25)
** at ../src/mst_seq/ahb_base_seq.sv(13): (vlog-2730) Undefined variable: 'ahb_transaction'.
** Error: ** while parsing file included at ../src/ahb_seq_pkg.sv(25)
** at ../src/mst_seq/ahb_base_seq.sv(31): (vlog-2400) Identifier ('ahb_transaction') found where a type or type identifier is required.
** Error: ** while parsing file included at ../src/ahb_seq_pkg.sv(26)
** at ../src/mst_seq/ahb_read_after_write_seq.sv(24): (vlog-2730) Undefined variable: 'AHB_ADDR_WIDTH'.
** Error: (vlog-13069) ** while parsing file included at ../src/ahb_seq_pkg.sv(26)
** at ../src/mst_seq/ahb_read_after_write_seq.sv(46): near ";": syntax error, unexpected ';', expecting '('.
** Error: (vlog-13069) ** while parsing file included at ../src/ahb_seq_pkg.sv(26)
** at ../src/mst_seq/ahb_read_after_write_seq.sv(47): near ";": syntax error, unexpected ';', expecting '('.
** Error: ** while parsing file included at ../src/ahb_seq_pkg.sv(26)
** while parsing macro expansion: 'uvm_info' starting at ../src/mst_seq/ahb_read_after_write_seq.sv(50)
** at ../src/mst_seq/ahb_read_after_write_seq.sv(52): Illegal declaration after the statement near line '47'.  Declarations must precede statements.  Look for stray semicolons.
** Error: ** while parsing file included at ../src/ahb_seq_pkg.sv(26)
** at ../src/mst_seq/ahb_read_after_write_seq.sv(57): (vlog-2164) Class or package 'ahb_transaction' not found.
** Error: ** while parsing file included at ../src/ahb_seq_pkg.sv(26)
** at ../src/mst_seq/ahb_read_after_write_seq.sv(70): (vlog-2730) Undefined variable: 'rd_tr'.
** Error: ** while parsing file included at ../src/ahb_seq_pkg.sv(26)
** at ../src/mst_seq/ahb_read_after_write_seq.sv(70): (vlog-2164) Class or package 'ahb_transaction' not found.
** Error: (vlog-13069) ** while parsing file included at ../src/ahb_seq_pkg.sv(26)
** at ../src/mst_seq/ahb_read_after_write_seq.sv(70): near "::": syntax error, unexpected ::, expecting ';'.
** Error: ** while parsing file included at ../src/ahb_seq_pkg.sv(26)
** at ../src/mst_seq/ahb_read_after_write_seq.sv(84): (vlog-2730) Undefined variable: 'AHB_RESP_ERROR'.
** Error: (vlog-13069) ** while parsing file included at ../src/ahb_seq_pkg.sv(26)
** at ../src/mst_seq/ahb_read_after_write_seq.sv(102): near "end": syntax error, unexpected end.
** Error: ../src/ahb_test_pkg.sv(17): (vlog-13006) Could not find the package (ahb_pkg).  Design read will continue, but expect a cascade of errors after this failure.  Furthermore if you experience a vopt-7 error immediately before this error then please check the package names or the library search paths on the command line.
** Error: ** while parsing file included at ../src/ahb_test_pkg.sv(23)
** at ../src/test/ahb_base_test.sv(17): Illegal declaration after the statement near line '13'.  Declarations must precede statements.  Look for stray semicolons.
** Error: ** while parsing file included at ../src/ahb_test_pkg.sv(23)
** while parsing macro expansion: 'uvm_component_utils' starting at ../src/test/ahb_base_test.sv(19)
** at ../src/test/ahb_base_test.sv(19): (vlog-2730) Undefined variable: 'ahb_base_test'.
** Warning: ** while parsing file included at ../src/ahb_test_pkg.sv(23)
** while parsing macro expansion: 'uvm_component_utils' starting at ../src/test/ahb_base_test.sv(19)
** at ../src/test/ahb_base_test.sv(19): (vlog-2953) Incorrect usage of keyword 'static'.
** Error: (vlog-13069) ** while parsing file included at ../src/ahb_test_pkg.sv(23)
** while parsing macro expansion: 'uvm_component_utils' starting at ../src/test/ahb_base_test.sv(19)
** at ../src/test/ahb_base_test.sv(19): near "function": syntax error, unexpected function, expecting IDENTIFIER or TYPE_IDENTIFIER or NETTYPE_IDENTIFIER.
** Error: (vlog-13069) ** while parsing file included at ../src/ahb_test_pkg.sv(23)
** while parsing macro expansion: 'uvm_component_utils' starting at ../src/test/ahb_base_test.sv(19)
** at ../src/test/ahb_base_test.sv(19): near "endfunction": syntax error, unexpected endfunction, expecting endtask.
** Error: (vlog-13069) ** while parsing file included at ../src/ahb_test_pkg.sv(23)
** while parsing macro expansion: 'uvm_component_utils' starting at ../src/test/ahb_base_test.sv(19)
** at ../src/test/ahb_base_test.sv(19): near "endfunction": syntax error, unexpected endfunction, expecting endtask.
** Error: (vlog-13069) ** while parsing file included at ../src/ahb_test_pkg.sv(23)
** at ../src/test/ahb_base_test.sv(25): near ";": syntax error, unexpected ';', expecting '('.
** Error: ** while parsing file included at ../src/ahb_test_pkg.sv(23)
** at ../src/test/ahb_base_test.sv(31): 'super.new()' call can be made only from within a class constructor.
** Error: (vlog-13069) ** while parsing file included at ../src/ahb_test_pkg.sv(23)
** at ../src/test/ahb_base_test.sv(32): near "endfunction": syntax error, unexpected endfunction, expecting endtask.
** Error: ** while parsing file included at ../src/ahb_test_pkg.sv(23)
** at ../src/test/ahb_base_test.sv(54): (vlog-2730) Undefined variable: 'env_cfg'.
** Error: ** while parsing file included at ../src/ahb_test_pkg.sv(23)
** at ../src/test/ahb_base_test.sv(54): (vlog-2164) Class or package 'ahb_vip_env_config' not found.
** Error: ** while parsing file included at ../src/ahb_test_pkg.sv(23)
** at ../src/test/ahb_base_test.sv(54): (vlog-2730) Undefined variable: 'ahb_vip_env_config'.
** Error: (vlog-13069) ** while parsing file included at ../src/ahb_test_pkg.sv(23)
** at ../src/test/ahb_base_test.sv(54): near "::": syntax error, unexpected ::, expecting ';'.
** Error: ** while parsing file included at ../src/ahb_test_pkg.sv(23)
** at ../src/test/ahb_base_test.sv(67): (vlog-2730) Undefined variable: 'env'.
** Error: ** while parsing file included at ../src/ahb_test_pkg.sv(23)
** at ../src/test/ahb_base_test.sv(67): (vlog-2164) Class or package 'ahb_vip_env' not found.
** Error: ** while parsing file included at ../src/ahb_test_pkg.sv(23)
** at ../src/test/ahb_base_test.sv(67): (vlog-2730) Undefined variable: 'ahb_vip_env'.
** Error: (vlog-13069) ** while parsing file included at ../src/ahb_test_pkg.sv(23)
** at ../src/test/ahb_base_test.sv(67): near "::": syntax error, unexpected ::, expecting ';'.
** Error: (vlog-13069) ** while parsing file included at ../src/ahb_test_pkg.sv(23)
** at ../src/test/ahb_base_test.sv(76): near "endfunction": syntax error, unexpected endfunction, expecting endtask.
** Error: (vlog-13069) ** while parsing file included at ../src/ahb_test_pkg.sv(23)
** at ../src/test/ahb_base_test.sv(85): near "report_phase": syntax error, unexpected IDENTIFIER, expecting TYPE_IDENTIFIER.
** Error: (vlog-13069) ** while parsing file included at ../src/ahb_test_pkg.sv(23)
** at ../src/test/ahb_base_test.sv(94): near "endfunction": syntax error, unexpected endfunction, expecting endtask.
** Error: ** while parsing file included at ../src/ahb_test_pkg.sv(24)
** while parsing macro expansion: 'uvm_component_utils' starting at ../src/test/ahb_read_after_write_test.sv(18)
** at ../src/test/ahb_read_after_write_test.sv(18): (vlog-2730) Undefined variable: 'ahb_read_after_write_test'.
** Error: ** while parsing file included at ../src/ahb_test_pkg.sv(24)
** while parsing macro expansion: 'uvm_component_utils' starting at ../src/test/ahb_read_after_write_test.sv(18)
** at ../src/test/ahb_read_after_write_test.sv(18): Typedef 'type_id' multiply defined.
** Error: ** while parsing file included at ../src/ahb_test_pkg.sv(24)
** while parsing macro expansion: 'uvm_component_utils' starting at ../src/test/ahb_read_after_write_test.sv(18)
** at ../src/test/ahb_read_after_write_test.sv(18): 'get_type' already exists; must not be redefined as a function.
** Warning: ** while parsing file included at ../src/ahb_test_pkg.sv(24)
** while parsing macro expansion: 'uvm_component_utils' starting at ../src/test/ahb_read_after_write_test.sv(18)
** at ../src/test/ahb_read_after_write_test.sv(18): (vlog-2953) Incorrect usage of keyword 'static'.
** Error: (vlog-13069) ** while parsing file included at ../src/ahb_test_pkg.sv(24)
** while parsing macro expansion: 'uvm_component_utils' starting at ../src/test/ahb_read_after_write_test.sv(18)
** at ../src/test/ahb_read_after_write_test.sv(18): near "function": syntax error, unexpected function, expecting IDENTIFIER or TYPE_IDENTIFIER or NETTYPE_IDENTIFIER.
** Error: (vlog-13069) ** while parsing file included at ../src/ahb_test_pkg.sv(24)
** while parsing macro expansion: 'uvm_component_utils' starting at ../src/test/ahb_read_after_write_test.sv(18)
** at ../src/test/ahb_read_after_write_test.sv(18): near "endfunction": syntax error, unexpected endfunction, expecting endtask.
** Error: (vlog-13069) ** while parsing file included at ../src/ahb_test_pkg.sv(24)
** while parsing macro expansion: 'uvm_component_utils' starting at ../src/test/ahb_read_after_write_test.sv(18)
** at ../src/test/ahb_read_after_write_test.sv(18): near "endfunction": syntax error, unexpected endfunction, expecting endtask.
** Error: ** while parsing file included at ../src/ahb_test_pkg.sv(24)
** at ../src/test/ahb_read_after_write_test.sv(27): 'super.new()' call can be made only from within a class constructor.
** Error: (vlog-13069) ** while parsing file included at ../src/ahb_test_pkg.sv(24)
** at ../src/test/ahb_read_after_write_test.sv(28): near "endfunction": syntax error, unexpected endfunction, expecting endtask.
** Error: (vlog-13069) ** while parsing file included at ../src/ahb_test_pkg.sv(24)
** at ../src/test/ahb_read_after_write_test.sv(42): near "endfunction": syntax error, unexpected endfunction, expecting endtask.
** Error: (vlog-13069) ** while parsing file included at ../src/ahb_test_pkg.sv(24)
** at ../src/test/ahb_read_after_write_test.sv(48): near ";": syntax error, unexpected ';', expecting '('.
** Error: ** while parsing file included at ../src/ahb_test_pkg.sv(24)
** at ../src/test/ahb_read_after_write_test.sv(54): (vlog-2730) Undefined variable: 'seq'.
** Error: ** while parsing file included at ../src/ahb_test_pkg.sv(24)
** at ../src/test/ahb_read_after_write_test.sv(54): (vlog-2164) Class or package 'ahb_read_after_write_seq' not found.
** Error: ** while parsing file included at ../src/ahb_test_pkg.sv(24)
** at ../src/test/ahb_read_after_write_test.sv(54): Identifier 'ahb_read_after_write_seq' is not directly visible.
   Found multiple Declaration of 'ahb_read_after_write_seq' through wildcard imports from these packages : ahb_seq_pkg, ahb_seq_pkg
** Error: ** while parsing file included at ../src/ahb_test_pkg.sv(24)
** at ../src/test/ahb_read_after_write_test.sv(54): Illegal to use typedef "ahb_read_after_write_seq" as a variable.
** Error: (vlog-13069) ** while parsing file included at ../src/ahb_test_pkg.sv(24)
** at ../src/test/ahb_read_after_write_test.sv(54): near "::": syntax error, unexpected ::, expecting ';'.
** Error (suppressible): ** while parsing file included at ../src/ahb_test_pkg.sv(24)
** at ../src/test/ahb_read_after_write_test.sv(59): (vlog-13163) End label 'run_phase' does not match task name on line 45.
** Error (suppressible): ** while parsing file included at ../src/ahb_test_pkg.sv(24)
** at ../src/test/ahb_read_after_write_test.sv(61): (vlog-13163) End label 'ahb_read_after_write_test' does not match class name on line 15.
** Error (suppressible): ../src/ahb_test_pkg.sv(26): (vlog-13163) End label 'ahb_test_pkg' does not match package name on line 13.
-- Compiling module ahb_sva
-- Compiling module tb_top
** Error: ../src/tb_top.sv(22): (vlog-13006) Could not find the package (ahb_pkg).  Design read will continue, but expect a cascade of errors after this failure.  Furthermore if you experience a vopt-7 error immediately before this error then please check the package names or the library search paths on the command line.
** Error: ../src/tb_top.sv(23): (vlog-13006) Could not find the package (ahb_test_pkg).  Design read will continue, but expect a cascade of errors after this failure.  Furthermore if you experience a vopt-7 error immediately before this error then please check the package names or the library search paths on the command line.
End time: 08:59:33 on Jul 21,2026, Elapsed time: 0:00:02
Errors: 81, Warnings: 2
