QuestaSim-64 vopt 10.6b Compiler 2017.05 May 25 2017
Start time: 10:23:39 on Aug 05,2026
vopt "+acc" -work work -l ./report/logs/optimize.log -cover sbcet tb_top -o opt_tb_top 

Top level modules:
	tb_top

Analyzing design...
-- Loading module tb_top
-- Importing package mtiUvm.uvm_pkg (uvm-1.1d Built-in)
-- Importing package ahb_pkg
-- Importing package ahb_test_pkg
-- Importing package ahb_seq_pkg
-- Loading interface ahb_if
-- Loading module ahb_sva
-- Loading package mtiUvm.questa_uvm_pkg
Incremental compilation check found 6 design-units (out of 9) may be reused.
Optimizing 3 design-units (inlining 0/3 module instances):
-- Optimizing module tb_top(fast)
-- Optimizing package ahb_seq_pkg(fast)
-- Optimizing package ahb_test_pkg(fast)
Optimized design name is opt_tb_top
End time: 10:23:40 on Aug 05,2026, Elapsed time: 0:00:01
Errors: 0, Warnings: 0
